
> imdb_clone@0.1.0 test
> react-scripts test --watchAll=false --passWithNoTests

node.exe : FAIL src/App.test.js
At line:1 char:1
+ & "C:\Program Files\nodejs/node.exe" "C:\Program Files\nodejs/node_mo ...
+ ~~~~~~~~~~~~~~~~~~~~~~~~~~~~~~~~~~~~~~~~~~~~~~~~~~~~~~~~~~~~~~~~~~~~~
    + CategoryInfo          : NotSpecified: (FAIL src/App.test.js:String) [],  
   RemoteException
    + FullyQualifiedErrorId : NativeCommandError
 
  ΓùÅ Test suite failed to run

    Jest encountered an unexpected token

    Jest failed to parse a file. This happens e.g. when your code or its 
dependencies use non-standard JavaScript syntax, or when Jest is not 
configured to support such syntax.

    Out of the box Jest supports Babel, which will be used to transform your 
files into valid JS based on your Babel configuration.

    By default "node_modules" folder is ignored by transformers.

    Here's what you can do:
     ΓÇó If you are trying to use ECMAScript Modules, see 
https://jestjs.io/docs/ecmascript-modules for how to enable it.
     ΓÇó If you are trying to use TypeScript, see 
https://jestjs.io/docs/getting-started#using-typescript
     ΓÇó To have some of your "node_modules" files transformed, you can 
specify a custom "transformIgnorePatterns" in your config.
     ΓÇó If you need a custom transformation specify a "transform" option in 
your config.
     ΓÇó If you simply want to mock your non-JS modules (e.g. binary assets) 
you can stub them out with the "moduleNameMapper" config option.

    You'll find more details and examples of these config options in the docs:
    https://jestjs.io/docs/configuration
    For information about custom transformations, see:
    https://jestjs.io/docs/code-transformation

    Details:

    SyntaxError: C:\imdb-clone-frontend-main\node_modules\@mswjs\interceptors\l
ib\node\fetchUtils-umV5xXBy.cjs: Static class blocks are not enabled. Please 
add `@babel/plugin-transform-class-static-block` to your configuration.
    [0m [90m 169 |[39m [90m//#endregion[39m
     [90m 170 |[39m [90m//#region src/RequestController.ts[39m
    [31m[1m>[22m[39m[90m 171 |[39m [36mvar[39m 
[33mRequestController[39m [33m=[39m [36mclass[39m 
[33mRequestController[39m {
     [90m     |[39m                         [31m[1m^[22m[39m
     [90m 172 |[39m 	[36mstatic[39m {
     [90m 173 |[39m 		[36mthis[39m[33m.[39m[33mPENDING[39m [33m=[39m 
[35m0[39m[33m;[39m
     [90m 174 |[39m 	}[0m

      at File.buildError [as buildCodeFrameError] 
(node_modules/@babel/core/src/transformation/file/file.ts:247:12)
      at NodePath.buildCodeFrameError 
(node_modules/@babel/traverse/src/path/index.ts:141:21)
      at shouldTransform (node_modules/@babel/helper-create-class-features-plug
in/src/features.ts:239:16)
      at PluginPass.call 
(node_modules/@babel/helper-create-class-features-plugin/src/index.ts:147:29)
      at call (node_modules/@babel/traverse/src/visitors.ts:303:14)
      at NodePath.call [as _call] 
(node_modules/@babel/traverse/src/path/context.ts:36:20)
      at NodePath.call (node_modules/@babel/traverse/src/path/context.ts:21:18)
      at NodePath.visit 
(node_modules/@babel/traverse/src/path/context.ts:97:31)
      at TraversalContext.visitQueue 
(node_modules/@babel/traverse/src/context.ts:148:16)
      at TraversalContext.visitSingle 
(node_modules/@babel/traverse/src/context.ts:109:19)
      at TraversalContext.visit 
(node_modules/@babel/traverse/src/context.ts:180:19)
      at traverseNode (node_modules/@babel/traverse/src/traverse-node.ts:40:17)
      at NodePath.visit 
(node_modules/@babel/traverse/src/path/context.ts:104:33)
      at TraversalContext.visitQueue 
(node_modules/@babel/traverse/src/context.ts:148:16)
      at TraversalContext.visitMultiple 
(node_modules/@babel/traverse/src/context.ts:99:17)
      at TraversalContext.visit 
(node_modules/@babel/traverse/src/context.ts:178:19)
      at traverseNode (node_modules/@babel/traverse/src/traverse-node.ts:40:17)
      at NodePath.visit 
(node_modules/@babel/traverse/src/path/context.ts:104:33)
      at TraversalContext.visitQueue 
(node_modules/@babel/traverse/src/context.ts:148:16)
      at TraversalContext.visitMultiple 
(node_modules/@babel/traverse/src/context.ts:99:17)
      at TraversalContext.visit 
(node_modules/@babel/traverse/src/context.ts:178:19)
      at traverseNode (node_modules/@babel/traverse/src/traverse-node.ts:40:17)
      at NodePath.visit 
(node_modules/@babel/traverse/src/path/context.ts:104:33)
      at TraversalContext.visitQueue 
(node_modules/@babel/traverse/src/context.ts:148:16)
      at TraversalContext.visitSingle 
(node_modules/@babel/traverse/src/context.ts:109:19)
      at TraversalContext.visit 
(node_modules/@babel/traverse/src/context.ts:180:19)
      at traverseNode (node_modules/@babel/traverse/src/traverse-node.ts:40:17)
      at traverse (node_modules/@babel/traverse/src/index.ts:83:15)
      at transformFile 
(node_modules/@babel/core/src/transformation/index.ts:119:15)
          at transformFile.next (<anonymous>)
      at run (node_modules/@babel/core/src/transformation/index.ts:49:12)
          at run.next (<anonymous>)
      at transform (node_modules/@babel/core/src/transform.ts:29:20)
          at transform.next (<anonymous>)
      at evaluateSync (node_modules/gensync/index.js:251:28)
      at fn (node_modules/gensync/index.js:89:14)
      at stopHiding - secret - don't use this - v1 
(node_modules/@babel/core/src/errors/rewrite-stack-trace.ts:99:14)
      at transformSync (node_modules/@babel/core/src/transform.ts:66:52)
      at ScriptTransformer.transformSource 
(node_modules/@jest/transform/build/ScriptTransformer.js:619:31)
      at ScriptTransformer._transformAndBuildScript 
(node_modules/@jest/transform/build/ScriptTransformer.js:765:40)
      at ScriptTransformer.transform 
(node_modules/@jest/transform/build/ScriptTransformer.js:822:19)
      at Object.<anonymous> (node_modules/@mswjs/interceptors/lib/node/intercep
tors/ClientRequest/index.cjs:1:1)

FAIL src/services/api/httpClient.test.js
  ΓùÅ Test suite failed to run

    Jest encountered an unexpected token

    Jest failed to parse a file. This happens e.g. when your code or its 
dependencies use non-standard JavaScript syntax, or when Jest is not 
configured to support such syntax.

    Out of the box Jest supports Babel, which will be used to transform your 
files into valid JS based on your Babel configuration.

    By default "node_modules" folder is ignored by transformers.

    Here's what you can do:
     ΓÇó If you are trying to use ECMAScript Modules, see 
https://jestjs.io/docs/ecmascript-modules for how to enable it.
     ΓÇó If you are trying to use TypeScript, see 
https://jestjs.io/docs/getting-started#using-typescript
     ΓÇó To have some of your "node_modules" files transformed, you can 
specify a custom "transformIgnorePatterns" in your config.
     ΓÇó If you need a custom transformation specify a "transform" option in 
your config.
     ΓÇó If you simply want to mock your non-JS modules (e.g. binary assets) 
you can stub them out with the "moduleNameMapper" config option.

    You'll find more details and examples of these config options in the docs:
    https://jestjs.io/docs/configuration
    For information about custom transformations, see:
    https://jestjs.io/docs/code-transformation

    Details:

    SyntaxError: C:\imdb-clone-frontend-main\node_modules\@mswjs\interceptors\l
ib\node\fetchUtils-umV5xXBy.cjs: Static class blocks are not enabled. Please 
add `@babel/plugin-transform-class-static-block` to your configuration.
    [0m [90m 169 |[39m [90m//#endregion[39m
     [90m 170 |[39m [90m//#region src/RequestController.ts[39m
    [31m[1m>[22m[39m[90m 171 |[39m [36mvar[39m 
[33mRequestController[39m [33m=[39m [36mclass[39m 
[33mRequestController[39m {
     [90m     |[39m                         [31m[1m^[22m[39m
     [90m 172 |[39m 	[36mstatic[39m {
     [90m 173 |[39m 		[36mthis[39m[33m.[39m[33mPENDING[39m [33m=[39m 
[35m0[39m[33m;[39m
     [90m 174 |[39m 	}[0m

      at File.buildError [as buildCodeFrameError] 
(node_modules/@babel/core/src/transformation/file/file.ts:247:12)
      at NodePath.buildCodeFrameError 
(node_modules/@babel/traverse/src/path/index.ts:141:21)
      at shouldTransform (node_modules/@babel/helper-create-class-features-plug
in/src/features.ts:239:16)
      at PluginPass.call 
(node_modules/@babel/helper-create-class-features-plugin/src/index.ts:147:29)
      at call (node_modules/@babel/traverse/src/visitors.ts:303:14)
      at NodePath.call [as _call] 
(node_modules/@babel/traverse/src/path/context.ts:36:20)
      at NodePath.call (node_modules/@babel/traverse/src/path/context.ts:21:18)
      at NodePath.visit 
(node_modules/@babel/traverse/src/path/context.ts:97:31)
      at TraversalContext.visitQueue 
(node_modules/@babel/traverse/src/context.ts:148:16)
      at TraversalContext.visitSingle 
(node_modules/@babel/traverse/src/context.ts:109:19)
      at TraversalContext.visit 
(node_modules/@babel/traverse/src/context.ts:180:19)
      at traverseNode (node_modules/@babel/traverse/src/traverse-node.ts:40:17)
      at NodePath.visit 
(node_modules/@babel/traverse/src/path/context.ts:104:33)
      at TraversalContext.visitQueue 
(node_modules/@babel/traverse/src/context.ts:148:16)
      at TraversalContext.visitMultiple 
(node_modules/@babel/traverse/src/context.ts:99:17)
      at TraversalContext.visit 
(node_modules/@babel/traverse/src/context.ts:178:19)
      at traverseNode (node_modules/@babel/traverse/src/traverse-node.ts:40:17)
      at NodePath.visit 
(node_modules/@babel/traverse/src/path/context.ts:104:33)
      at TraversalContext.visitQueue 
(node_modules/@babel/traverse/src/context.ts:148:16)
      at TraversalContext.visitMultiple 
(node_modules/@babel/traverse/src/context.ts:99:17)
      at TraversalContext.visit 
(node_modules/@babel/traverse/src/context.ts:178:19)
      at traverseNode (node_modules/@babel/traverse/src/traverse-node.ts:40:17)
      at NodePath.visit 
(node_modules/@babel/traverse/src/path/context.ts:104:33)
      at TraversalContext.visitQueue 
(node_modules/@babel/traverse/src/context.ts:148:16)
      at TraversalContext.visitSingle 
(node_modules/@babel/traverse/src/context.ts:109:19)
      at TraversalContext.visit 
(node_modules/@babel/traverse/src/context.ts:180:19)
      at traverseNode (node_modules/@babel/traverse/src/traverse-node.ts:40:17)
      at traverse (node_modules/@babel/traverse/src/index.ts:83:15)
      at transformFile 
(node_modules/@babel/core/src/transformation/index.ts:119:15)
          at transformFile.next (<anonymous>)
      at run (node_modules/@babel/core/src/transformation/index.ts:49:12)
          at run.next (<anonymous>)
      at transform (node_modules/@babel/core/src/transform.ts:29:20)
          at transform.next (<anonymous>)
      at evaluateSync (node_modules/gensync/index.js:251:28)
      at fn (node_modules/gensync/index.js:89:14)
      at stopHiding - secret - don't use this - v1 
(node_modules/@babel/core/src/errors/rewrite-stack-trace.ts:99:14)
      at transformSync (node_modules/@babel/core/src/transform.ts:66:52)
      at ScriptTransformer.transformSource 
(node_modules/@jest/transform/build/ScriptTransformer.js:619:31)
      at ScriptTransformer._transformAndBuildScript 
(node_modules/@jest/transform/build/ScriptTransformer.js:765:40)
      at ScriptTransformer.transform 
(node_modules/@jest/transform/build/ScriptTransformer.js:822:19)
      at Object.<anonymous> (node_modules/@mswjs/interceptors/lib/node/intercep
tors/ClientRequest/index.cjs:1:1)

FAIL src/services/api/movieService.test.js
  ΓùÅ Test suite failed to run

    Jest encountered an unexpected token

    Jest failed to parse a file. This happens e.g. when your code or its 
dependencies use non-standard JavaScript syntax, or when Jest is not 
configured to support such syntax.

    Out of the box Jest supports Babel, which will be used to transform your 
files into valid JS based on your Babel configuration.

    By default "node_modules" folder is ignored by transformers.

    Here's what you can do:
     ΓÇó If you are trying to use ECMAScript Modules, see 
https://jestjs.io/docs/ecmascript-modules for how to enable it.
     ΓÇó If you are trying to use TypeScript, see 
https://jestjs.io/docs/getting-started#using-typescript
     ΓÇó To have some of your "node_modules" files transformed, you can 
specify a custom "transformIgnorePatterns" in your config.
     ΓÇó If you need a custom transformation specify a "transform" option in 
your config.
     ΓÇó If you simply want to mock your non-JS modules (e.g. binary assets) 
you can stub them out with the "moduleNameMapper" config option.

    You'll find more details and examples of these config options in the docs:
    https://jestjs.io/docs/configuration
    For information about custom transformations, see:
    https://jestjs.io/docs/code-transformation

    Details:

    SyntaxError: C:\imdb-clone-frontend-main\node_modules\@mswjs\interceptors\l
ib\node\fetchUtils-umV5xXBy.cjs: Static class blocks are not enabled. Please 
add `@babel/plugin-transform-class-static-block` to your configuration.
    [0m [90m 169 |[39m [90m//#endregion[39m
     [90m 170 |[39m [90m//#region src/RequestController.ts[39m
    [31m[1m>[22m[39m[90m 171 |[39m [36mvar[39m 
[33mRequestController[39m [33m=[39m [36mclass[39m 
[33mRequestController[39m {
     [90m     |[39m                         [31m[1m^[22m[39m
     [90m 172 |[39m 	[36mstatic[39m {
     [90m 173 |[39m 		[36mthis[39m[33m.[39m[33mPENDING[39m [33m=[39m 
[35m0[39m[33m;[39m
     [90m 174 |[39m 	}[0m

      at File.buildError [as buildCodeFrameError] 
(node_modules/@babel/core/src/transformation/file/file.ts:247:12)
      at NodePath.buildCodeFrameError 
(node_modules/@babel/traverse/src/path/index.ts:141:21)
      at shouldTransform (node_modules/@babel/helper-create-class-features-plug
in/src/features.ts:239:16)
      at PluginPass.call 
(node_modules/@babel/helper-create-class-features-plugin/src/index.ts:147:29)
      at call (node_modules/@babel/traverse/src/visitors.ts:303:14)
      at NodePath.call [as _call] 
(node_modules/@babel/traverse/src/path/context.ts:36:20)
      at NodePath.call (node_modules/@babel/traverse/src/path/context.ts:21:18)
      at NodePath.visit 
(node_modules/@babel/traverse/src/path/context.ts:97:31)
      at TraversalContext.visitQueue 
(node_modules/@babel/traverse/src/context.ts:148:16)
      at TraversalContext.visitSingle 
(node_modules/@babel/traverse/src/context.ts:109:19)
      at TraversalContext.visit 
(node_modules/@babel/traverse/src/context.ts:180:19)
      at traverseNode (node_modules/@babel/traverse/src/traverse-node.ts:40:17)
      at NodePath.visit 
(node_modules/@babel/traverse/src/path/context.ts:104:33)
      at TraversalContext.visitQueue 
(node_modules/@babel/traverse/src/context.ts:148:16)
      at TraversalContext.visitMultiple 
(node_modules/@babel/traverse/src/context.ts:99:17)
      at TraversalContext.visit 
(node_modules/@babel/traverse/src/context.ts:178:19)
      at traverseNode (node_modules/@babel/traverse/src/traverse-node.ts:40:17)
      at NodePath.visit 
(node_modules/@babel/traverse/src/path/context.ts:104:33)
      at TraversalContext.visitQueue 
(node_modules/@babel/traverse/src/context.ts:148:16)
      at TraversalContext.visitMultiple 
(node_modules/@babel/traverse/src/context.ts:99:17)
      at TraversalContext.visit 
(node_modules/@babel/traverse/src/context.ts:178:19)
      at traverseNode (node_modules/@babel/traverse/src/traverse-node.ts:40:17)
      at NodePath.visit 
(node_modules/@babel/traverse/src/path/context.ts:104:33)
      at TraversalContext.visitQueue 
(node_modules/@babel/traverse/src/context.ts:148:16)
      at TraversalContext.visitSingle 
(node_modules/@babel/traverse/src/context.ts:109:19)
      at TraversalContext.visit 
(node_modules/@babel/traverse/src/context.ts:180:19)
      at traverseNode (node_modules/@babel/traverse/src/traverse-node.ts:40:17)
      at traverse (node_modules/@babel/traverse/src/index.ts:83:15)
      at transformFile 
(node_modules/@babel/core/src/transformation/index.ts:119:15)
          at transformFile.next (<anonymous>)
      at run (node_modules/@babel/core/src/transformation/index.ts:49:12)
          at run.next (<anonymous>)
      at transform (node_modules/@babel/core/src/transform.ts:29:20)
          at transform.next (<anonymous>)
      at evaluateSync (node_modules/gensync/index.js:251:28)
      at fn (node_modules/gensync/index.js:89:14)
      at stopHiding - secret - don't use this - v1 
(node_modules/@babel/core/src/errors/rewrite-stack-trace.ts:99:14)
      at transformSync (node_modules/@babel/core/src/transform.ts:66:52)
      at ScriptTransformer.transformSource 
(node_modules/@jest/transform/build/ScriptTransformer.js:619:31)
      at ScriptTransformer._transformAndBuildScript 
(node_modules/@jest/transform/build/ScriptTransformer.js:765:40)
      at ScriptTransformer.transform 
(node_modules/@jest/transform/build/ScriptTransformer.js:822:19)
      at Object.<anonymous> (node_modules/@mswjs/interceptors/lib/node/intercep
tors/ClientRequest/index.cjs:1:1)

Test Suites: 3 failed, 3 total
Tests:       0 total
Snapshots:   0 total
Time:        1.727 s
Ran all test suites.
